// Jest Snapshot v1, https://goo.gl/fbAQLP

exports[`AudioPlayer component renders correctly 1`] = `<div />`;
